// Jest Snapshot v1, https://goo.gl/fbAQLP

exports[`renders correctly 1`] = `
<div
  className="details-page"
>
  <div
    className="bkg-anim"
  />
  <div
    className="bkg-anim"
  />
  <div
    className="card--details-page"
  >
    <h5
      id="prv-page"
    >
      <a
        href="/currencies_list"
      >
        <i
          className="fa-solid fa-arrow-left"
        />
        Previous page
      </a>
    </h5>
    <div
      className="card-header"
    >
      <div
        className="card--details"
      >
        <p
          className="text--details-page"
        >
          Currency Name:
           
        </p>
        <hr
          className="details-breaker"
        />
        <p
          className="text--details-page"
        >
          Currency Symbol:
           
          <span
            className="loading"
          >
            Loading...
          </span>
        </p>
        <hr
          className="details-breaker"
        />
        <p
          className="text--details-page"
        >
          Base Currency: USD
        </p>
        <hr
          className="details-breaker"
        />
        <p
          className="text--details-page"
        >
          Value:
           
          <span
            className="loading"
          >
            Loading...
          </span>
        </p>
      </div>
    </div>
  </div>
</div>
`;
